[ssdent.net/index.html]
[backblue.gif]
[fade.gif]
[index.html]
[ssdent.net/common/css/xe.min21ad.css]
[ssdent.net/common/js/plugins/ui/jquery-ui.min3c60.css]
[ssdent.net/layouts/samsung_main/default.layout.html]
[ssdent.net/layouts/samsung_main/default.layout.webfont.html]
[ssdent.net/layouts/samsung_main/css/colorBoxe87c.css]
[ssdent.net/layouts/samsung_main/css/animate.mine87c.css]
[ssdent.net/layouts/samsung_main/css/easinge87c.css]
[ssdent.net/layouts/samsung_main/css/main2e20.css]
[ssdent.net/common/js/x.min97bb.js]
[ssdent.net/layouts/samsung_main/js/jquery.colorbox-min4ff7.js]
[ssdent.net/layouts/samsung_main/js/jquery.bxslider.min4ff7.js]
[ssdent.net/layouts/samsung_main/js/jquery.waypoints.min4ff7.js]
[ssdent.net/common/js/jquery.min97bb.js]
[ssdent.net/layouts/samsung_main/js/main4d2e.js]
[ssdent.net/rss]
[ssdent.net/common/js/xe.min97bb.js]
[ssdent.net/atom]
[ssdent.net/files/attach/xeicon/favicon.ico]
[ssdent.net/files/attach/xeicon/mobicon.png]
[dapi.kakao.com/v2/maps/sdkbf30.json]
[ssdent.net/layouts/samsung_main/images/header_l.png]
[ssdent.net/layouts/samsung_main/images/header_r.png]
[ssdent.net/layouts/samsung_main/images/main_visual01_tit.png]
[ssdent.net/layouts/samsung_main/images/main_visual02_tit.png]
[ssdent.net/layouts/samsung_main/images/main_visual03_tit.png]
[ssdent.net/layouts/samsung_main/images/main_section01_logo1.png]
[ssdent.net/layouts/samsung_main/images/main_section01_logo2.png]
[ssdent.net/layouts/samsung_main/images/main_section01_logo3.png]
[ssdent.net/layouts/samsung_main/images/main_section01_02.png]
[ssdent.net/layouts/samsung_main/images/main_section02_01.png]
[ssdent.net/layouts/samsung_main/images/main_section02_doctor.jpg]
[ssdent.net/layouts/samsung_main/images/main_section03_01.png]
[ssdent.net/layouts/samsung_main/images/main_section03_02.jpg]
[ssdent.net/layouts/samsung_main/images/main_section03_desc01.png]
[ssdent.net/layouts/samsung_main/images/main_section04_01.png]
[ssdent.net/layouts/samsung_main/images/main_comment01.png]
[ssdent.net/layouts/samsung_main/images/main_comment02.png]
[ssdent.net/layouts/samsung_main/images/main_comment03.png]
[ssdent.net/layouts/samsung_main/images/main_comment04.png]
[ssdent.net/layouts/samsung_main/images/main_section05_01.png]
[ssdent.net/layouts/samsung_main/images/main_section05_02.png]
[ssdent.net/layouts/samsung_main/images/main_section06_01.png]
[ssdent.net/layouts/samsung_main/images/main_section06_02.png]
[ssdent.net/layouts/samsung_main/images/main_section06_03.jpg]
[ssdent.net/layouts/samsung_main/images/main_section06_04.png]
[ssdent.net/layouts/samsung_main/images/main_section07_01.png]
[ssdent.net/layouts/samsung_main/images/interior/interior01.jpg]
[ssdent.net/layouts/samsung_main/images/interior/interior01_thumb.jpg]
[ssdent.net/layouts/samsung_main/images/interior/interior02.jpg]
[ssdent.net/layouts/samsung_main/images/interior/interior02_thumb.jpg]
[ssdent.net/layouts/samsung_main/images/interior/interior03.jpg]
[ssdent.net/layouts/samsung_main/images/interior/interior03_thumb.jpg]
[ssdent.net/layouts/samsung_main/images/interior/interior04.jpg]
[ssdent.net/layouts/samsung_main/images/interior/interior04_thumb.jpg]
[ssdent.net/layouts/samsung_main/images/interior/interior05.jpg]
[ssdent.net/layouts/samsung_main/images/interior/interior05_thumb.jpg]
[ssdent.net/layouts/samsung_main/images/interior/interior06.jpg]
[ssdent.net/layouts/samsung_main/images/interior/interior06_thumb.jpg]
[ssdent.net/layouts/samsung_main/images/interior/interior07.jpg]
[ssdent.net/layouts/samsung_main/images/interior/interior07_thumb.jpg]
[ssdent.net/layouts/samsung_main/images/interior/interior08.jpg]
[ssdent.net/layouts/samsung_main/images/interior/interior08_thumb.jpg]
[ssdent.net/layouts/samsung_main/images/main_section08_01.png]
[ssdent.net/layouts/samsung_main/images/time_190605.png]
[ssdent.net/addons/autolink/autolink435c.js]
[ssdent.net/common/js/plugins/ui/jquery.ui.datepicker-ko3c60.js]
[ssdent.net/index.html]
[ssdent.net/common/img/msg.loading.gif]
[ssdent.net/addons/resize_image/js/resize_image.mine1e0.js]
[ssdent.net/common/css/xe.min21ad.css]
[ssdent.net/common/js/plugins/ui/images/ui-icons_444444_256x240.png]
[ssdent.net/common/js/plugins/ui/images/ui-icons_555555_256x240.png]
[ssdent.net/common/js/plugins/ui/images/ui-icons_ffffff_256x240.png]
[ssdent.net/common/js/plugins/ui/images/ui-icons_777620_256x240.png]
[ssdent.net/common/js/plugins/ui/images/ui-icons_cc0000_256x240.png]
[ssdent.net/common/js/plugins/ui/images/ui-icons_777777_256x240.png]
[ssdent.net/common/js/plugins/ui/jquery-ui.min3c60.css]
[ssdent.net/index82b8.php]
[ssdent.net/index6ba3.php]
[ssdent.net/layouts/samsung_main/default.layout.html]
[ssdent.net/layouts/samsung_main/default.layout.webfont.html]
[ssdent.net/layouts/samsung_main/images/ctrls2.png]
[ssdent.net/indexb5ca.html]
[ssdent.net/indexf4d2.html]
[ssdent.net/layouts/samsung_main/images/w_close.png]
[ssdent.net/layouts/samsung_main/css/colorBoxe87c.css]
[ssdent.net/layouts/samsung_main/css/animate.mine87c.css]
[ssdent.net/layouts/samsung_main/css/easinge87c.css]
[ssdent.net/layouts/samsung_main/fonts/NanumSquareR.eot]
[ssdent.net/layouts/samsung_main/fonts/NanumSquareR.woff]
[ssdent.net/layouts/samsung_main/fonts/NanumSquareRd41d.eot]
[ssdent.net/common/js/plugins/ui/jquery-ui.min3c60.js]
[ssdent.net/layouts/samsung_main/fonts/NanumSquareB.eot]
[ssdent.net/layouts/samsung_main/fonts/NanumSquareBd41d.eot]
[ssdent.net/layouts/samsung_main/fonts/NanumSquareB.woff]
[ssdent.net/layouts/samsung_main/images/logo1x.png]
[ssdent.net/layouts/samsung_main/images/topbtn.png]
[ssdent.net/layouts/samsung_main/images/header_bg.png]
[ssdent.net/layouts/samsung_main/images/main_visual01_bg.jpg]
[ssdent.net/layouts/samsung_main/images/main_visual02_bg.jpg]
[ssdent.net/layouts/samsung_main/images/main_visual03_bg.jpg]
[ssdent.net/layouts/samsung_main/images/ctrls.png]
[ssdent.net/layouts/samsung_main/images/main_section05_bg.jpg]
[ssdent.net/layouts/samsung_main/css/main2e20.css]
[ssdent.net/modules/editor/styles/ckeditor_light/img/bg_qmark.gif]
[ssdent.net/modules/editor/styles/ckeditor_light/styledefc.css]
[ssdent.net/files/faceOff/170/layoutad60.css]
[ssdent.net/indexb5ca.html]
[ssdent.net/indexf4d2.html]
[ssdent.net/layouts/samsung_main/img/lightBox/loading.html]
[ssdent.net/layouts/samsung_main/fonts/NanumSquareR.html]
[ssdent.net/layouts/samsung_main/fonts/NanumSquareB.html]
[ssdent.net/layouts/samsung_main/images/logo1x_gray.html]
[ssdent.net/layouts/samsung_main/images/header_left.html]
[ssdent.net/layouts/samsung_main/images/header_right.html]
[ssdent.net/layouts/samsung_main/images/widget_off2.html]
